namespace NServiceBus
{
    public class AwsLambdaSQSEndpoint : NServiceBus.IAwsLambdaSQSEndpoint
    {
        public AwsLambdaSQSEndpoint(System.Func<Amazon.Lambda.Core.ILambdaContext, NServiceBus.AwsLambdaSQSEndpointConfiguration> configurationFactory) { }
        public System.Threading.Tasks.Task Process(Amazon.Lambda.SQSEvents.SQSEvent @event, Amazon.Lambda.Core.ILambdaContext lambdaContext, System.Threading.CancellationToken cancellationToken = default) { }
        public System.Threading.Tasks.Task Publish(object message, Amazon.Lambda.Core.ILambdaContext lambdaContext, System.Threading.CancellationToken cancellationToken = default) { }
        public System.Threading.Tasks.Task Publish(object message, NServiceBus.PublishOptions options, Amazon.Lambda.Core.ILambdaContext lambdaContext, System.Threading.CancellationToken cancellationToken = default) { }
        public System.Threading.Tasks.Task Publish<T>(System.Action<T> messageConstructor, Amazon.Lambda.Core.ILambdaContext lambdaContext, System.Threading.CancellationToken cancellationToken = default) { }
        public System.Threading.Tasks.Task Publish<T>(System.Action<T> messageConstructor, NServiceBus.PublishOptions options, Amazon.Lambda.Core.ILambdaContext lambdaContext, System.Threading.CancellationToken cancellationToken = default) { }
        public System.Threading.Tasks.Task Send(object message, Amazon.Lambda.Core.ILambdaContext lambdaContext, System.Threading.CancellationToken cancellationToken = default) { }
        public System.Threading.Tasks.Task Send(object message, NServiceBus.SendOptions options, Amazon.Lambda.Core.ILambdaContext lambdaContext, System.Threading.CancellationToken cancellationToken = default) { }
        public System.Threading.Tasks.Task Send<T>(System.Action<T> messageConstructor, Amazon.Lambda.Core.ILambdaContext lambdaContext, System.Threading.CancellationToken cancellationToken = default) { }
        public System.Threading.Tasks.Task Send<T>(System.Action<T> messageConstructor, NServiceBus.SendOptions options, Amazon.Lambda.Core.ILambdaContext lambdaContext, System.Threading.CancellationToken cancellationToken = default) { }
        public System.Threading.Tasks.Task Subscribe(System.Type eventType, Amazon.Lambda.Core.ILambdaContext lambdaContext, System.Threading.CancellationToken cancellationToken = default) { }
        public System.Threading.Tasks.Task Subscribe(System.Type eventType, NServiceBus.SubscribeOptions options, Amazon.Lambda.Core.ILambdaContext lambdaContext, System.Threading.CancellationToken cancellationToken = default) { }
        public System.Threading.Tasks.Task Unsubscribe(System.Type eventType, Amazon.Lambda.Core.ILambdaContext lambdaContext, System.Threading.CancellationToken cancellationToken = default) { }
        public System.Threading.Tasks.Task Unsubscribe(System.Type eventType, NServiceBus.UnsubscribeOptions options, Amazon.Lambda.Core.ILambdaContext lambdaContext, System.Threading.CancellationToken cancellationToken = default) { }
    }
    public class AwsLambdaSQSEndpointConfiguration
    {
        public AwsLambdaSQSEndpointConfiguration(string endpointName) { }
        public AwsLambdaSQSEndpointConfiguration(string endpointName, Amazon.SQS.IAmazonSQS sqsClient, Amazon.SimpleNotificationService.IAmazonSimpleNotificationService snsClient) { }
        public NServiceBus.EndpointConfiguration AdvancedConfiguration { get; }
        public NServiceBus.RoutingSettings<NServiceBus.SqsTransport> RoutingSettings { get; }
        public NServiceBus.SqsTransport Transport { get; }
        public void DoNotSendMessagesToErrorQueue() { }
        public NServiceBus.Serialization.SerializationExtensions<T> UseSerialization<T>()
            where T : NServiceBus.Serialization.SerializationDefinition, new () { }
    }
    public interface IAwsLambdaSQSEndpoint
    {
        System.Threading.Tasks.Task Process(Amazon.Lambda.SQSEvents.SQSEvent @event, Amazon.Lambda.Core.ILambdaContext lambdaContext, System.Threading.CancellationToken cancellationToken = default);
        System.Threading.Tasks.Task Publish(object message, Amazon.Lambda.Core.ILambdaContext lambdaContext, System.Threading.CancellationToken cancellationToken = default);
        System.Threading.Tasks.Task Publish(object message, NServiceBus.PublishOptions options, Amazon.Lambda.Core.ILambdaContext lambdaContext, System.Threading.CancellationToken cancellationToken = default);
        System.Threading.Tasks.Task Publish<T>(System.Action<T> messageConstructor, Amazon.Lambda.Core.ILambdaContext lambdaContext, System.Threading.CancellationToken cancellationToken = default);
        System.Threading.Tasks.Task Publish<T>(System.Action<T> messageConstructor, NServiceBus.PublishOptions options, Amazon.Lambda.Core.ILambdaContext lambdaContext, System.Threading.CancellationToken cancellationToken = default);
        System.Threading.Tasks.Task Send(object message, Amazon.Lambda.Core.ILambdaContext lambdaContext, System.Threading.CancellationToken cancellationToken = default);
        System.Threading.Tasks.Task Send(object message, NServiceBus.SendOptions options, Amazon.Lambda.Core.ILambdaContext lambdaContext, System.Threading.CancellationToken cancellationToken = default);
        System.Threading.Tasks.Task Send<T>(System.Action<T> messageConstructor, Amazon.Lambda.Core.ILambdaContext lambdaContext, System.Threading.CancellationToken cancellationToken = default);
        System.Threading.Tasks.Task Send<T>(System.Action<T> messageConstructor, NServiceBus.SendOptions options, Amazon.Lambda.Core.ILambdaContext lambdaContext, System.Threading.CancellationToken cancellationToken = default);
        System.Threading.Tasks.Task Subscribe(System.Type eventType, Amazon.Lambda.Core.ILambdaContext lambdaContext, System.Threading.CancellationToken cancellationToken = default);
        System.Threading.Tasks.Task Subscribe(System.Type eventType, NServiceBus.SubscribeOptions options, Amazon.Lambda.Core.ILambdaContext lambdaContext, System.Threading.CancellationToken cancellationToken = default);
        System.Threading.Tasks.Task Unsubscribe(System.Type eventType, Amazon.Lambda.Core.ILambdaContext lambdaContext, System.Threading.CancellationToken cancellationToken = default);
        System.Threading.Tasks.Task Unsubscribe(System.Type eventType, NServiceBus.UnsubscribeOptions options, Amazon.Lambda.Core.ILambdaContext lambdaContext, System.Threading.CancellationToken cancellationToken = default);
    }
    public static class ServiceCollectionExtensions
    {
        public static void AddAwsLambdaSQSEndpoint(this Microsoft.Extensions.DependencyInjection.IServiceCollection services, string endpointName, System.Action<NServiceBus.AwsLambdaSQSEndpointConfiguration, Amazon.Lambda.Core.ILambdaContext> configure = null) { }
    }
}